------------------------------------------------------------
Timing Analyzer Summary
------------------------------------------------------------

Type  : Slow 1200mV 85C Model Setup 'clkn'
Slack : -3.000
TNS   : -167.889

Type  : Slow 1200mV 85C Model Setup 'clk'
Slack : -2.803
TNS   : -64.713

Type  : Slow 1200mV 85C Model Setup 'txrst'
Slack : -1.235
TNS   : -5.963

Type  : Slow 1200mV 85C Model Hold 'clkn'
Slack : 0.271
TNS   : 0.000

Type  : Slow 1200mV 85C Model Hold 'clk'
Slack : 0.358
TNS   : 0.000

Type  : Slow 1200mV 85C Model Hold 'txrst'
Slack : 0.517
TNS   : 0.000

Type  : Slow 1200mV 85C Model Recovery 'clkn'
Slack : 0.058
TNS   : 0.000

Type  : Slow 1200mV 85C Model Removal 'clkn'
Slack : -0.143
TNS   : -3.716

Type  : Slow 1200mV 85C Model Minimum Pulse Width 'clk'
Slack : -3.000
TNS   : -64.000

Type  : Slow 1200mV 85C Model Minimum Pulse Width 'txrst'
Slack : -3.000
TNS   : -3.000

Type  : Slow 1200mV 85C Model Minimum Pulse Width 'clkn'
Slack : -1.000
TNS   : -74.000

Type  : Slow 1200mV 0C Model Setup 'clkn'
Slack : -2.655
TNS   : -145.390

Type  : Slow 1200mV 0C Model Setup 'clk'
Slack : -2.462
TNS   : -51.038

Type  : Slow 1200mV 0C Model Setup 'txrst'
Slack : -1.034
TNS   : -4.696

Type  : Slow 1200mV 0C Model Hold 'clkn'
Slack : 0.258
TNS   : 0.000

Type  : Slow 1200mV 0C Model Hold 'clk'
Slack : 0.322
TNS   : 0.000

Type  : Slow 1200mV 0C Model Hold 'txrst'
Slack : 0.480
TNS   : 0.000

Type  : Slow 1200mV 0C Model Recovery 'clkn'
Slack : 0.096
TNS   : 0.000

Type  : Slow 1200mV 0C Model Removal 'clkn'
Slack : -0.110
TNS   : -2.849

Type  : Slow 1200mV 0C Model Minimum Pulse Width 'clk'
Slack : -3.000
TNS   : -64.000

Type  : Slow 1200mV 0C Model Minimum Pulse Width 'txrst'
Slack : -3.000
TNS   : -3.000

Type  : Slow 1200mV 0C Model Minimum Pulse Width 'clkn'
Slack : -1.000
TNS   : -74.000

Type  : Fast 1200mV 0C Model Setup 'clkn'
Slack : -1.314
TNS   : -60.494

Type  : Fast 1200mV 0C Model Setup 'clk'
Slack : -1.190
TNS   : -16.391

Type  : Fast 1200mV 0C Model Setup 'txrst'
Slack : -0.291
TNS   : -0.541

Type  : Fast 1200mV 0C Model Hold 'clkn'
Slack : 0.076
TNS   : 0.000

Type  : Fast 1200mV 0C Model Hold 'clk'
Slack : 0.186
TNS   : 0.000

Type  : Fast 1200mV 0C Model Hold 'txrst'
Slack : 0.259
TNS   : 0.000

Type  : Fast 1200mV 0C Model Recovery 'clkn'
Slack : -0.030
TNS   : -0.765

Type  : Fast 1200mV 0C Model Removal 'clkn'
Slack : -0.135
TNS   : -3.503

Type  : Fast 1200mV 0C Model Minimum Pulse Width 'clk'
Slack : -3.000
TNS   : -67.650

Type  : Fast 1200mV 0C Model Minimum Pulse Width 'txrst'
Slack : -3.000
TNS   : -3.000

Type  : Fast 1200mV 0C Model Minimum Pulse Width 'clkn'
Slack : -1.000
TNS   : -74.000

------------------------------------------------------------
